10 even 9 odd 8 even 7 odd 6 even 5 odd 4 even 3 odd 2 even 1 odd 
